Archive member included to satisfy reference by file (symbol)

../../../Middlewares/ST/STemWin/Lib\STemWin_CM7_wc32.a(GUICC_M8888I.o)
                              ./Middlewares/STemWin/Target/LCDConf.o (LCD_API_ColorConv_M8888I)
../../../Middlewares/ST/STemWin/Lib\STemWin_CM7_wc32.a(GUICC_M8888I_Index2Color.o)
                              ../../../Middlewares/ST/STemWin/Lib\STemWin_CM7_wc32.a(GUICC_M8888I.o) (LCD_Index2Color_M8888I)
../../../Middlewares/ST/STemWin/Lib\STemWin_CM7_wc32.a(GUI_Alloc.o)
                              ./Middlewares/STemWin/Target/GUIConf.o (GUI_ALLOC_AssignMemory)
../../../Middlewares/ST/STemWin/Lib\STemWin_CM7_wc32.a(GUI_Common.o)
                              ./Middlewares/STemWin/Target/LCDConf.o (GUI_GetDrawMode)
../../../Middlewares/ST/STemWin/Lib\STemWin_CM7_wc32.a(GUI_Core.o)
                              ../../../Middlewares/ST/STemWin/Lib\STemWin_CM7_wc32.a(GUI_Common.o) (GUI_pfExecAnimations)
../../../Middlewares/ST/STemWin/Lib\STemWin_CM7_wc32.a(GUI_Device.o)
                              ./Middlewares/STemWin/Target/LCDConf.o (GUI_DEVICE_CreateAndLink)
../../../Middlewares/ST/STemWin/Lib\STemWin_CM7_wc32.a(GUI_DispString.o)
                              ../../../Middlewares/ST/STemWin/Lib\STemWin_CM7_wc32.a(GUI_Common.o) (GUI_DispString)
../../../Middlewares/ST/STemWin/Lib\STemWin_CM7_wc32.a(GUI_DispStringInRectEx.o)
                              ../../../Middlewares/ST/STemWin/Lib\STemWin_CM7_wc32.a(GUI_DispString.o) (GUI_DispStringInRectEx)
../../../Middlewares/ST/STemWin/Lib\STemWin_CM7_wc32.a(GUI_MULTIBUF.o)
                              ./Middlewares/STemWin/Target/LCDConf.o (GUI_MULTIBUF_ConfirmEx)
../../../Middlewares/ST/STemWin/Lib\STemWin_CM7_wc32.a(GUI_OnKey.o)
                              ../../../Middlewares/ST/STemWin/Lib\STemWin_CM7_wc32.a(GUI_Common.o) (GUI_GetKey)
../../../Middlewares/ST/STemWin/Lib\STemWin_CM7_wc32.a(GUI_SelectLayer.o)
                              ./Middlewares/STemWin/Target/LCDConf.o (GUI_GetLayerPosEx)
../../../Middlewares/ST/STemWin/Lib\STemWin_CM7_wc32.a(GUI_UC.o)
                              ../../../Middlewares/ST/STemWin/Lib\STemWin_CM7_wc32.a(GUI_DispString.o) (GUI_UC__GetCharCodeInc)
../../../Middlewares/ST/STemWin/Lib\STemWin_CM7_wc32.a(GUI_UC_EncodeNone.o)
                              ../../../Middlewares/ST/STemWin/Lib\STemWin_CM7_wc32.a(GUI_Core.o) (GUI_UC_None)
../../../Middlewares/ST/STemWin/Lib\STemWin_CM7_wc32.a(GUI_WaitEvent.o)
                              ../../../Middlewares/ST/STemWin/Lib\STemWin_CM7_wc32.a(GUI_OnKey.o) (GUI_SignalEvent)
../../../Middlewares/ST/STemWin/Lib\STemWin_CM7_wc32.a(GUI__Private.o)
                              ../../../Middlewares/ST/STemWin/Lib\STemWin_CM7_wc32.a(GUI_Common.o) (GUI__HandleEOLine)
../../../Middlewares/ST/STemWin/Lib\STemWin_CM7_wc32.a(GUI__SinHQ.o)
                              ../../../Middlewares/ST/STemWin/Lib\STemWin_CM7_wc32.a(GUI_Common.o) (GUI__SinHQ)
../../../Middlewares/ST/STemWin/Lib\STemWin_CM7_wc32.a(GUI__Wrap.o)
                              ../../../Middlewares/ST/STemWin/Lib\STemWin_CM7_wc32.a(GUI_DispString.o) (GUI__WrapGetNumCharsDisp)
../../../Middlewares/ST/STemWin/Lib\STemWin_CM7_wc32.a(LCD.o)
                              ../../../Middlewares/ST/STemWin/Lib\STemWin_CM7_wc32.a(GUI_Common.o) (LCD_SetDrawMode)
../../../Middlewares/ST/STemWin/Lib\STemWin_CM7_wc32.a(LCD_Color.o)
                              ../../../Middlewares/ST/STemWin/Lib\STemWin_CM7_wc32.a(LCD.o) (LCD_InitColors)
../../../Middlewares/ST/STemWin/Lib\STemWin_CM7_wc32.a(LCD_GetColorIndex.o)
                              ../../../Middlewares/ST/STemWin/Lib\STemWin_CM7_wc32.a(GUI_Common.o) (LCD_GetBkColorIndex)
../../../Middlewares/ST/STemWin/Lib\STemWin_CM7_wc32.a(LCD_GetEx.o)
                              ./Middlewares/STemWin/Target/LCDConf.o (LCD_GetBitsPerPixelEx)
../../../Middlewares/ST/STemWin/Lib\STemWin_CM7_wc32.a(LCD_GetNumDisplays.o)
                              ../../../Middlewares/ST/STemWin/Lib\STemWin_CM7_wc32.a(LCD_Color.o) (LCD_GetNumLayers)
../../../Middlewares/ST/STemWin/Lib\STemWin_CM7_wc32.a(LCD_GetP.o)
                              ../../../Middlewares/ST/STemWin/Lib\STemWin_CM7_wc32.a(GUI_Common.o) (LCD_GetPixelIndex)
../../../Middlewares/ST/STemWin/Lib\STemWin_CM7_wc32.a(LCD_GetPixelColor.o)
                              ../../../Middlewares/ST/STemWin/Lib\STemWin_CM7_wc32.a(GUI__Private.o) (LCD_GetPixelColor)
../../../Middlewares/ST/STemWin/Lib\STemWin_CM7_wc32.a(LCD_Rotate180.o)
                              ../../../Middlewares/ST/STemWin/Lib\STemWin_CM7_wc32.a(GUI_DispString.o) (LCD_APIList180)
../../../Middlewares/ST/STemWin/Lib\STemWin_CM7_wc32.a(LCD_RotateCCW.o)
                              ../../../Middlewares/ST/STemWin/Lib\STemWin_CM7_wc32.a(GUI_DispString.o) (LCD_APIListCCW)
../../../Middlewares/ST/STemWin/Lib\STemWin_CM7_wc32.a(LCD_RotateCW.o)
[...]
Memory Configuration

Name             Origin             Length             Attributes
FLASH            0x0000000008000000 0x0000000000100000 xr
RAM              0x0000000020000000 0x0000000000050000 xrw
*default*        0x0000000000000000 0xffffffffffffffff

Linker script and memory map

LOAD d:/stm32cubeide_1.11.2/stm32cubeide/plugins/com.st.stm32cube.ide.mcu.externaltools.gnu-tools-for-stm32.10.3-2021.10.win32_1.0.100.202210260954/tools/bin/../lib/gcc/arm-none-eabi/10.3.1/thumb/v7e-m+fp/hard/crti.o
LOAD d:/stm32cubeide_1.11.2/stm32cubeide/plugins/com.st.stm32cube.ide.mcu.externaltools.gnu-tools-for-stm32.10.3-2021.10.win32_1.0.100.202210260954/tools/bin/../lib/gcc/arm-none-eabi/10.3.1/thumb/v7e-m+fp/hard/crtbegin.o
LOAD d:/stm32cubeide_1.11.2/stm32cubeide/plugins/com.st.stm32cube.ide.mcu.externaltools.gnu-tools-for-stm32.10.3-2021.10.win32_1.0.100.202210260954/tools/bin/../lib/gcc/arm-none-eabi/10.3.1/../../../../arm-none-eabi/lib/thumb/v7e-m+fp/hard/crt0.o
LOAD ./Application/SW4STM32/startup_stm32f746xx.o
LOAD ./Application/User/Core/main.o
LOAD ./Application/User/Core/sched.o
LOAD ./Application/User/Core/stm32f7xx_it.o
LOAD ./Application/User/STemWin/BASIC_HelloWorld.o
LOAD ./Drivers/BSP/STM32746G_DISCOVERY/stm32746g_discovery.o
LOAD ./Drivers/BSP/STM32746G_DISCOVERY/stm32746g_discovery_sdram.o
LOAD ./Drivers/CMSIS/system_stm32f7xx.o
LOAD ./Drivers/STM32F7xx_HAL_Driver/stm32f7xx_hal.o
LOAD ./Drivers/STM32F7xx_HAL_Driver/stm32f7xx_hal_cortex.o
LOAD ./Drivers/STM32F7xx_HAL_Driver/stm32f7xx_hal_dma.o
LOAD ./Drivers/STM32F7xx_HAL_Driver/stm32f7xx_hal_dma2d.o
LOAD ./Drivers/STM32F7xx_HAL_Driver/stm32f7xx_hal_flash.o
LOAD ./Drivers/STM32F7xx_HAL_Driver/stm32f7xx_hal_flash_ex.o
LOAD ./Drivers/STM32F7xx_HAL_Driver/stm32f7xx_hal_gpio.o
LOAD ./Drivers/STM32F7xx_HAL_Driver/stm32f7xx_hal_i2c.o
LOAD ./Drivers/STM32F7xx_HAL_Driver/stm32f7xx_hal_i2c_ex.o
LOAD ./Drivers/STM32F7xx_HAL_Driver/stm32f7xx_hal_ltdc.o
LOAD ./Drivers/STM32F7xx_HAL_Driver/stm32f7xx_hal_pwr.o
LOAD ./Drivers/STM32F7xx_HAL_Driver/stm32f7xx_hal_pwr_ex.o
LOAD ./Drivers/STM32F7xx_HAL_Driver/stm32f7xx_hal_rcc.o
LOAD ./Drivers/STM32F7xx_HAL_Driver/stm32f7xx_hal_rcc_ex.o
LOAD ./Drivers/STM32F7xx_HAL_Driver/stm32f7xx_hal_sdram.o
LOAD ./Drivers/STM32F7xx_HAL_Driver/stm32f7xx_hal_tim.o
LOAD ./Drivers/STM32F7xx_HAL_Driver/stm32f7xx_hal_tim_ex.o
LOAD ./Drivers/STM32F7xx_HAL_Driver/stm32f7xx_hal_uart.o
LOAD ./Drivers/STM32F7xx_HAL_Driver/stm32f7xx_ll_fmc.o
LOAD ./Middlewares/STemWin/OS/GUI_X.o
LOAD ./Middlewares/STemWin/Target/GUIConf.o
LOAD ./Middlewares/STemWin/Target/LCDConf.o
LOAD ../../../Middlewares/ST/STemWin/Lib\STemWin_CM7_wc32.a
START GROUP
LOAD d:/stm32cubeide_1.11.2/stm32cubeide/plugins/com.st.stm32cube.ide.mcu.externaltools.gnu-tools-for-stm32.10.3-2021.10.win32_1.0.100.202210260954/tools/bin/../lib/gcc/arm-none-eabi/10.3.1/../../../../arm-none-eabi/lib/thumb/v7e-m+fp/hard\libc_nano.a
LOAD d:/stm32cubeide_1.11.2/stm32cubeide/plugins/com.st.stm32cube.ide.mcu.externaltools.gnu-tools-for-stm32.10.3-2021.10.win32_1.0.100.202210260954/tools/bin/../lib/gcc/arm-none-eabi/10.3.1/../../../../arm-none-eabi/lib/thumb/v7e-m+fp/hard\libm.a
END GROUP
START GROUP
LOAD d:/stm32cubeide_1.11.2/stm32cubeide/plugins/com.st.stm32cube.ide.mcu.externaltools.gnu-tools-for-stm32.10.3-2021.10.win32_1.0.100.202210260954/tools/bin/../lib/gcc/arm-none-eabi/10.3.1/thumb/v7e-m+fp/hard\libgcc.a
LOAD d:/stm32cubeide_1.11.2/stm32cubeide/plugins/com.st.stm32cube.ide.mcu.externaltools.gnu-tools-for-stm32.10.3-2021.10.win32_1.0.100.202210260954/tools/bin/../lib/gcc/arm-none-eabi/10.3.1/../../../../arm-none-eabi/lib/thumb/v7e-m+fp/hard\libc_nano.a
END GROUP
START GROUP
LOAD d:/stm32cubeide_1.11.2/stm32cubeide/plugins/com.st.stm32cube.ide.mcu.externaltools.gnu-tools-for-stm32.10.3-2021.10.win32_1.0.100.202210260954/tools/bin/../lib/gcc/arm-none-eabi/10.3.1/thumb/v7e-m+fp/hard\libgcc.a
LOAD d:/stm32cubeide_1.11.2/stm32cubeide/plugins/com.st.stm32cube.ide.mcu.externaltools.gnu-tools-for-stm32.10.3-2021.10.win32_1.0.100.202210260954/tools/bin/../lib/gcc/arm-none-eabi/10.3.1/../../../../arm-none-eabi/lib/thumb/v7e-m+fp/hard\libc_nano.a
LOAD d:/stm32cubeide_1.11.2/stm32cubeide/plugins/com.st.stm32cube.ide.mcu.externaltools.gnu-tools-for-stm32.10.3-2021.10.win32_1.0.100.202210260954/tools/bin/../lib/gcc/arm-none-eabi/10.3.1/../../../../arm-none-eabi/lib/thumb/v7e-m+fp/hard\libnosys.a
END GROUP
START GROUP
LOAD d:/stm32cubeide_1.11.2/stm32cubeide/plugins/com.st.stm32cube.ide.mcu.externaltools.gnu-tools-for-stm32.10.3-2021.10.win32_1.0.100.202210260954/tools/bin/../lib/gcc/arm-none-eabi/10.3.1/thumb/v7e-m+fp/hard\libgcc.a
LOAD d:/stm32cubeide_1.11.2/stm32cubeide/plugins/com.st.stm32cube.ide.mcu.externaltools.gnu-tools-for-stm32.10.3-2021.10.win32_1.0.100.202210260954/tools/bin/../lib/gcc/arm-none-eabi/10.3.1/../../../../arm-none-eabi/lib/thumb/v7e-m+fp/hard\libc_nano.a
LOAD d:/stm32cubeide_1.11.2/stm32cubeide/plugins/com.st.stm32cube.ide.mcu.externaltools.gnu-tools-for-stm32.10.3-2021.10.win32_1.0.100.202210260954/tools/bin/../lib/gcc/arm-none-eabi/10.3.1/../../../../arm-none-eabi/lib/thumb/v7e-m+fp/hard\libnosys.a
END GROUP
LOAD d:/stm32cubeide_1.11.2/stm32cubeide/plugins/com.st.stm32cube.ide.mcu.externaltools.gnu-tools-for-stm32.10.3-2021.10.win32_1.0.100.202210260954/tools/bin/../lib/gcc/arm-none-eabi/10.3.1/thumb/v7e-m+fp/hard/crtend.o
LOAD d:/stm32cubeide_1.11.2/stm32cubeide/plugins/com.st.stm32cube.ide.mcu.externaltools.gnu-tools-for-stm32.10.3-2021.10.win32_1.0.100.202210260954/tools/bin/../lib/gcc/arm-none-eabi/10.3.1/thumb/v7e-m+fp/hard/crtn.o
                0x0000000020050000                _estack = 0x20050000
                0x0000000000000200                _Min_Heap_Size = 0x200
                0x0000000000000460                _Min_Stack_Size = 0x460

.isr_vector     0x0000000008000000      0x1c8
                0x0000000008000000                . = ALIGN (0x4)
 *(.isr_vector)
 .isr_vector    0x0000000008000000      0x1c8 ./Application/SW4STM32/startup_stm32f746xx.o
                0x0000000008000000                g_pfnVectors
                0x00000000080001c8                . = ALIGN (0x4)

.text           0x00000000080001d0      0x534
                0x00000000080001d0                . = ALIGN (0x4)
 *(.text)
 .text          0x00000000080001d0       0x40 d:/stm32cubeide_1.11.2/stm32cubeide/plugins/com.st.stm32cube.ide.mcu.externaltools.gnu-tools-for-stm32.10.3-2021.10.win32_1.0.100.202210260954/tools/bin/../lib/gcc/arm-none-eabi/10.3.1/thumb/v7e-m+fp/hard/crtbegin.o
 .text          0x0000000008000210       0x60 ./Application/User/Core/sched.o
                0x0000000008000210                SVC_Handler
                0x0000000008000210                SysTick_Handler
                0x0000000008000266                SysCall
 *(.text*)
 .text.Reset_Handler
                0x0000000008000270       0x50 ./Application/SW4STM32/startup_stm32f746xx.o
                0x0000000008000270                Reset_Handler
 .text.Default_Handler
                0x00000000080002c0        0x2 ./Application/SW4STM32/startup_stm32f746xx.o
                0x00000000080002c0                RTC_Alarm_IRQHandler
                0x00000000080002c0                EXTI2_IRQHandler
                0x00000000080002c0                TIM8_CC_IRQHandler
                0x00000000080002c0                UART8_IRQHandler
                0x00000000080002c0                SPI4_IRQHandler
                0x00000000080002c0                TIM1_CC_IRQHandler
                0x00000000080002c0                DMA2_Stream5_IRQHandler
                0x00000000080002c0                DMA1_Stream5_IRQHandler
                0x00000000080002c0                PVD_IRQHandler
                0x00000000080002c0                TAMP_STAMP_IRQHandler
                0x00000000080002c0                PendSV_Handler
                0x00000000080002c0                CAN2_RX1_IRQHandler
                0x00000000080002c0                EXTI3_IRQHandler
                0x00000000080002c0                TIM8_TRG_COM_TIM14_IRQHandler
                0x00000000080002c0                TIM1_UP_TIM10_IRQHandler
                0x00000000080002c0                TIM8_UP_TIM13_IRQHandler
                0x00000000080002c0                I2C3_ER_IRQHandler
                0x00000000080002c0                EXTI0_IRQHandler
                0x00000000080002c0                I2C2_EV_IRQHandler
                0x00000000080002c0                DMA1_Stream2_IRQHandler
                0x00000000080002c0                CAN1_RX0_IRQHandler
                0x00000000080002c0                FPU_IRQHandler
                0x00000000080002c0                OTG_HS_WKUP_IRQHandler
                0x00000000080002c0                LTDC_ER_IRQHandler
                0x00000000080002c0                CAN2_SCE_IRQHandler
                0x00000000080002c0                DMA2_Stream2_IRQHandler
                0x00000000080002c0                SPI1_IRQHandler
                0x00000000080002c0                TIM6_DAC_IRQHandler
                0x00000000080002c0                TIM1_BRK_TIM9_IRQHandler
                0x00000000080002c0                DCMI_IRQHandler
                0x00000000080002c0                CAN2_RX0_IRQHandler
                0x00000000080002c0                DMA2_Stream3_IRQHandler
                0x00000000080002c0                SAI2_IRQHandler
                0x00000000080002c0                USART6_IRQHandler
                0x00000000080002c0                USART3_IRQHandler
                0x00000000080002c0                CAN1_RX1_IRQHandler
                0x00000000080002c0                UART5_IRQHandler
                0x00000000080002c0                DMA2_Stream0_IRQHandler
                0x00000000080002c0                TIM4_IRQHandler
                0x00000000080002c0                QUADSPI_IRQHandler
                0x00000000080002c0                I2C1_EV_IRQHandler
                0x00000000080002c0                DMA1_Stream6_IRQHandler
                0x00000000080002c0                DMA1_Stream1_IRQHandler
                0x00000000080002c0                UART4_IRQHandler
                0x00000000080002c0                TIM3_IRQHandler
                0x00000000080002c0                RCC_IRQHandler
                0x00000000080002c0                TIM8_BRK_TIM12_IRQHandler
                0x00000000080002c0                Default_Handler
                0x00000000080002c0                CEC_IRQHandler
                0x00000000080002c0                EXTI15_10_IRQHandler
                0x00000000080002c0                ADC_IRQHandler
                0x00000000080002c0                DMA1_Stream7_IRQHandler
                0x00000000080002c0                SPI5_IRQHandler
                0x00000000080002c0                TIM7_IRQHandler
                0x00000000080002c0                SDMMC1_IRQHandler
                0x00000000080002c0                CAN2_TX_IRQHandler
                0x00000000080002c0                TIM5_IRQHandler
                0x00000000080002c0                DMA2_Stream7_IRQHandler
                0x00000000080002c0                I2C3_EV_IRQHandler
                0x00000000080002c0                EXTI9_5_IRQHandler
                0x00000000080002c0                RTC_WKUP_IRQHandler
                0x00000000080002c0                ETH_WKUP_IRQHandler
                0x00000000080002c0                SPDIF_RX_IRQHandler
                0x00000000080002c0                SPI2_IRQHandler
                0x00000000080002c0                OTG_HS_EP1_IN_IRQHandler
                0x00000000080002c0                DMA1_Stream0_IRQHandler
                0x00000000080002c0                CAN1_TX_IRQHandler
                0x00000000080002c0                EXTI4_IRQHandler
                0x00000000080002c0                RNG_IRQHandler
                0x00000000080002c0                ETH_IRQHandler
                0x00000000080002c0                OTG_HS_EP1_OUT_IRQHandler
                0x00000000080002c0                WWDG_IRQHandler
                0x00000000080002c0                SPI6_IRQHandler
                0x00000000080002c0                I2C4_EV_IRQHandler
                0x00000000080002c0                TIM2_IRQHandler
                0x00000000080002c0                OTG_FS_WKUP_IRQHandler
                0x00000000080002c0                TIM1_TRG_COM_TIM11_IRQHandler
                0x00000000080002c0                OTG_HS_IRQHandler
                0x00000000080002c0                DMA2D_IRQHandler
                0x00000000080002c0                EXTI1_IRQHandler
                0x00000000080002c0                UART7_IRQHandler
                0x00000000080002c0                USART2_IRQHandler
                0x00000000080002c0                I2C2_ER_IRQHandler
                0x00000000080002c0                DMA2_Stream1_IRQHandler
                0x00000000080002c0                CAN1_SCE_IRQHandler
                0x00000000080002c0                FLASH_IRQHandler
                0x00000000080002c0                DMA2_Stream4_IRQHandler
                0x00000000080002c0                USART1_IRQHandler
                0x00000000080002c0                OTG_FS_IRQHandler
                0x00000000080002c0                SPI3_IRQHandler
                0x00000000080002c0                DMA1_Stream4_IRQHandler
                0x00000000080002c0                I2C1_ER_IRQHandler
                0x00000000080002c0                FMC_IRQHandler
                0x00000000080002c0                LPTIM1_IRQHandler
                0x00000000080002c0                I2C4_ER_IRQHandler
                0x00000000080002c0                DMA2_Stream6_IRQHandler
                0x00000000080002c0                SAI1_IRQHandler
                0x00000000080002c0                DMA1_Stream3_IRQHandler
 *fill*         0x00000000080002c2        0x2 
 .text.TaskA    0x00000000080002c4       0x14 ./Application/User/Core/main.o
                0x00000000080002c4                TaskA
 .text.TaskB    0x00000000080002d8       0x14 ./Application/User/Core/main.o
                0x00000000080002d8                TaskB
 .text.TaskC    0x00000000080002ec       0x14 ./Application/User/Core/main.o
                0x00000000080002ec                TaskC
 .text.ChangeRunningTask
                0x0000000008000300       0x88 ./Application/User/Core/main.o
                0x0000000008000300                ChangeRunningTask
 .text.startup.main
                0x0000000008000388      0x148 ./Application/User/Core/main.o
                0x0000000008000388                main
 .text.NMI_Handler
                0x00000000080004d0        0x2 ./Application/User/Core/stm32f7xx_it.o
                0x00000000080004d0                NMI_Handler
 .text.HardFault_Handler
                0x00000000080004d2        0x2 ./Application/User/Core/stm32f7xx_it.o
                0x00000000080004d2                HardFault_Handler
 .text.MemManage_Handler
                0x00000000080004d4        0x2 ./Application/User/Core/stm32f7xx_it.o
                0x00000000080004d4                MemManage_Handler
 .text.BusFault_Handler
                0x00000000080004d6        0x2 ./Application/User/Core/stm32f7xx_it.o
                0x00000000080004d6                BusFault_Handler
 .text.UsageFault_Handler
                0x00000000080004d8        0x2 ./Application/User/Core/stm32f7xx_it.o
                0x00000000080004d8                UsageFault_Handler
 .text.DebugMon_Handler
                0x00000000080004da        0x2 ./Application/User/Core/stm32f7xx_it.o
                0x00000000080004da                DebugMon_Handler
 .text.LTDC_IRQHandler
                0x00000000080004dc        0xc ./Application/User/Core/stm32f7xx_it.o
                0x00000000080004dc                LTDC_IRQHandler
 .text.SystemInit
                0x00000000080004e8       0x4c ./Drivers/CMSIS/system_stm32f7xx.o
                0x00000000080004e8                SystemInit
 .text.HAL_LTDC_ErrorCallback
                0x0000000008000534        0x2 ./Drivers/STM32F7xx_HAL_Driver/stm32f7xx_hal_ltdc.o
                0x0000000008000534                HAL_LTDC_ErrorCallback
 .text.HAL_LTDC_ReloadEventCallback
                0x0000000008000536        0x2 ./Drivers/STM32F7xx_HAL_Driver/stm32f7xx_hal_ltdc.o
                0x0000000008000536                HAL_LTDC_ReloadEventCallback
 .text.HAL_LTDC_IRQHandler
                0x0000000008000538       0xba ./Drivers/STM32F7xx_HAL_Driver/stm32f7xx_hal_ltdc.o
                0x0000000008000538                HAL_LTDC_IRQHandler
 *fill*         0x00000000080005f2        0x2 
 .text.HAL_LTDC_ProgramLineEvent
                0x00000000080005f4       0x3c ./Drivers/STM32F7xx_HAL_Driver/stm32f7xx_hal_ltdc.o
                0x00000000080005f4                HAL_LTDC_ProgramLineEvent
 .text.HAL_LTDC_LineEventCallback
                0x0000000008000630       0x4c ./Middlewares/STemWin/Target/LCDConf.o
                0x0000000008000630                HAL_LTDC_LineEventCallback
 .text.GUI_MULTIBUF_ConfirmEx
                0x000000000800067c       0x28 ../../../Middlewares/ST/STemWin/Lib\STemWin_CM7_wc32.a(GUI_MULTIBUF.o)
                0x000000000800067c                GUI_MULTIBUF_ConfirmEx
 .text.__libc_init_array
                0x00000000080006a4       0x48 d:/stm32cubeide_1.11.2/stm32cubeide/plugins/com.st.stm32cube.ide.mcu.externaltools.gnu-tools-for-stm32.10.3-2021.10.win32_1.0.100.202210260954/tools/bin/../lib/gcc/arm-none-eabi/10.3.1/../../../../arm-none-eabi/lib/thumb/v7e-m+fp/hard\libc_nano.a(lib_a-init.o)
                0x00000000080006a4                __libc_init_array
 *(.glue_7)
 .glue_7        0x00000000080006ec        0x0 linker stubs
 *(.glue_7t)
 .glue_7t       0x00000000080006ec        0x0 linker stubs
 *(.eh_frame)
 .eh_frame      0x00000000080006ec        0x0 d:/stm32cubeide_1.11.2/stm32cubeide/plugins/com.st.stm32cube.ide.mcu.externaltools.gnu-tools-for-stm32.10.3-2021.10.win32_1.0.100.202210260954/tools/bin/../lib/gcc/arm-none-eabi/10.3.1/thumb/v7e-m+fp/hard/crtbegin.o
 *(.init)
 .init          0x00000000080006ec        0x4 d:/stm32cubeide_1.11.2/stm32cubeide/plugins/com.st.stm32cube.ide.mcu.externaltools.gnu-tools-for-stm32.10.3-2021.10.win32_1.0.100.202210260954/tools/bin/../lib/gcc/arm-none-eabi/10.3.1/thumb/v7e-m+fp/hard/crti.o
                0x00000000080006ec                _init
 .init          0x00000000080006f0        0x8 d:/stm32cubeide_1.11.2/stm32cubeide/plugins/com.st.stm32cube.ide.mcu.externaltools.gnu-tools-for-stm32.10.3-2021.10.win32_1.0.100.202210260954/tools/bin/../lib/gcc/arm-none-eabi/10.3.1/thumb/v7e-m+fp/hard/crtn.o
 *(.fini)
 .fini          0x00000000080006f8        0x4 d:/stm32cubeide_1.11.2/stm32cubeide/plugins/com.st.stm32cube.ide.mcu.externaltools.gnu-tools-for-stm32.10.3-2021.10.win32_1.0.100.202210260954/tools/bin/../lib/gcc/arm-none-eabi/10.3.1/thumb/v7e-m+fp/hard/crti.o
                0x00000000080006f8                _fini
 .fini          0x00000000080006fc        0x8 d:/stm32cubeide_1.11.2/stm32cubeide/plugins/com.st.stm32cube.ide.mcu.externaltools.gnu-tools-for-stm32.10.3-2021.10.win32_1.0.100.202210260954/tools/bin/../lib/gcc/arm-none-eabi/10.3.1/thumb/v7e-m+fp/hard/crtn.o
                0x0000000008000704                . = ALIGN (0x4)
                0x0000000008000704                _etext = .

.vfp11_veneer   0x0000000008000704        0x0
 .vfp11_veneer  0x0000000008000704        0x0 linker stubs

.v4_bx          0x0000000008000704        0x0
 .v4_bx         0x0000000008000704        0x0 linker stubs

.iplt           0x0000000008000704        0x0
 .iplt          0x0000000008000704        0x0 d:/stm32cubeide_1.11.2/stm32cubeide/plugins/com.st.stm32cube.ide.mcu.externaltools.gnu-tools-for-stm32.10.3-2021.10.win32_1.0.100.202210260954/tools/bin/../lib/gcc/arm-none-eabi/10.3.1/thumb/v7e-m+fp/hard/crtbegin.o

.rel.dyn        0x0000000008000704        0x0
 .rel.iplt      0x0000000008000704        0x0 d:/stm32cubeide_1.11.2/stm32cubeide/plugins/com.st.stm32cube.ide.mcu.externaltools.gnu-tools-for-stm32.10.3-2021.10.win32_1.0.100.202210260954/tools/bin/../lib/gcc/arm-none-eabi/10.3.1/thumb/v7e-m+fp/hard/crtbegin.o

.rodata         0x0000000008000704        0x0
                0x0000000008000704                . = ALIGN (0x4)
 *(.rodata)
 *(.rodata*)
                0x0000000008000704                . = ALIGN (0x4)

.ARM.extab
 *(.ARM.extab* .gnu.linkonce.armextab.*)

.ARM            0x0000000008000704        0x0
                0x0000000008000704                __exidx_start = .
 *(.ARM.exidx*)
                0x0000000008000704                __exidx_end = .

.preinit_array  0x0000000008000704        0x0
                0x0000000008000704                PROVIDE (__preinit_array_start = .)
 *(.preinit_array*)
                0x0000000008000704                PROVIDE (__preinit_array_end = .)

.init_array     0x0000000008000704        0x4
                0x0000000008000704                PROVIDE (__init_array_start = .)
 *(SORT_BY_NAME(.init_array.*))
 *(.init_array*)
 .init_array    0x0000000008000704        0x4 d:/stm32cubeide_1.11.2/stm32cubeide/plugins/com.st.stm32cube.ide.mcu.externaltools.gnu-tools-for-stm32.10.3-2021.10.win32_1.0.100.202210260954/tools/bin/../lib/gcc/arm-none-eabi/10.3.1/thumb/v7e-m+fp/hard/crtbegin.o
                0x0000000008000708                PROVIDE (__init_array_end = .)

.fini_array     0x0000000008000708        0x4
                [!provide]                        PROVIDE (__fini_array_start = .)
 *(SORT_BY_NAME(.fini_array.*))
 *(.fini_array*)
 .fini_array    0x0000000008000708        0x4 d:/stm32cubeide_1.11.2/stm32cubeide/plugins/com.st.stm32cube.ide.mcu.externaltools.gnu-tools-for-stm32.10.3-2021.10.win32_1.0.100.202210260954/tools/bin/../lib/gcc/arm-none-eabi/10.3.1/thumb/v7e-m+fp/hard/crtbegin.o
                [!provide]                        PROVIDE (__fini_array_end = .)
                0x000000000800070c                _sidata = LOADADDR (.data)

.data           0x0000000020000000        0x0 load address 0x000000000800070c
                0x0000000020000000                . = ALIGN (0x4)
                0x0000000020000000                _sdata = .
 *(.data)
 *(.data*)
                0x0000000020000000                . = ALIGN (0x4)
                0x0000000020000000                _edata = .

.igot.plt       0x0000000020000000        0x0 load address 0x000000000800070c
 .igot.plt      0x0000000020000000        0x0 d:/stm32cubeide_1.11.2/stm32cubeide/plugins/com.st.stm32cube.ide.mcu.externaltools.gnu-tools-for-stm32.10.3-2021.10.win32_1.0.100.202210260954/tools/bin/../lib/gcc/arm-none-eabi/10.3.1/thumb/v7e-m+fp/hard/crtbegin.o
                0x0000000020000000                . = ALIGN (0x4)

.bss            0x0000000020000000      0xe04 load address 0x000000000800070c
                0x0000000020000000                _sbss = .
                0x0000000020000000                __bss_start__ = _sbss
 *(.bss)
 .bss           0x0000000020000000       0x1c d:/stm32cubeide_1.11.2/stm32cubeide/plugins/com.st.stm32cube.ide.mcu.externaltools.gnu-tools-for-stm32.10.3-2021.10.win32_1.0.100.202210260954/tools/bin/../lib/gcc/arm-none-eabi/10.3.1/thumb/v7e-m+fp/hard/crtbegin.o
 .bss           0x000000002000001c      0xc34 ./Application/User/Core/main.o
                0x000000002000001c                cntA
                0x0000000020000020                cntB
                0x0000000020000024                cntC
                0x0000000020000028                task_list
                0x0000000020000034                running_task
                0x0000000020000038                taskA
                0x0000000020000440                taskB
                0x0000000020000848                taskC
 .bss           0x0000000020000c50      0x188 ./Middlewares/STemWin/Target/LCDConf.o
                0x0000000020000cf0                hltdc
 .bss           0x0000000020000dd8       0x2c ../../../Middlewares/ST/STemWin/Lib\STemWin_CM7_wc32.a(GUI_MULTIBUF.o)
 *(.bss*)
 *(COMMON)
                0x0000000020000e04                . = ALIGN (0x4)
                0x0000000020000e04                _ebss = .
                0x0000000020000e04                __bss_end__ = _ebss

._user_heap_stack
                0x0000000020000e04      0x664 load address 0x000000000800070c
                0x0000000020000e08                . = ALIGN (0x8)
 *fill*         0x0000000020000e04        0x4 
                [!provide]                        PROVIDE (end = .)
                [!provide]                        PROVIDE (_end = .)
                0x0000000020001008                . = (. + _Min_Heap_Size)
 *fill*         0x0000000020000e08      0x200 
                0x0000000020001468                . = (. + _Min_Stack_Size)
 *fill*         0x0000000020001008      0x460 
                0x0000000020001468                . = ALIGN (0x8)

/DISCARD/
 libc.a(*)
 libm.a(*)
 libgcc.a(*)

.ARM.attributes
                0x0000000000000000       0x30
 *(.ARM.attributes)
 .ARM.attributes
                0x0000000000000000       0x1e d:/stm32cubeide_1.11.2/stm32cubeide/plugins/com.st.stm32cube.ide.mcu.externaltools.gnu-tools-for-stm32.10.3-2021.10.win32_1.0.100.202210260954/tools/bin/../lib/gcc/arm-none-eabi/10.3.1/thumb/v7e-m+fp/hard/crti.o
 .ARM.attributes
                0x000000000000001e       0x34 d:/stm32cubeide_1.11.2/stm32cubeide/plugins/com.st.stm32cube.ide.mcu.externaltools.gnu-tools-for-stm32.10.3-2021.10.win32_1.0.100.202210260954/tools/bin/../lib/gcc/arm-none-eabi/10.3.1/thumb/v7e-m+fp/hard/crtbegin.o
 .ARM.attributes
                0x0000000000000052       0x21 ./Application/SW4STM32/startup_stm32f746xx.o
 .ARM.attributes
                0x0000000000000073       0x34 ./Application/User/Core/main.o
 .ARM.attributes
                0x00000000000000a7       0x25 ./Application/User/Core/sched.o
 .ARM.attributes
                0x00000000000000cc       0x34 ./Application/User/Core/stm32f7xx_it.o
 .ARM.attributes
                0x0000000000000100       0x34 ./Drivers/CMSIS/system_stm32f7xx.o
 .ARM.attributes
                0x0000000000000134       0x34 ./Drivers/STM32F7xx_HAL_Driver/stm32f7xx_hal_ltdc.o
 .ARM.attributes
                0x0000000000000168       0x34 ./Middlewares/STemWin/Target/LCDConf.o
 .ARM.attributes
                0x000000000000019c       0x39 ../../../Middlewares/ST/STemWin/Lib\STemWin_CM7_wc32.a(GUI_MULTIBUF.o)
 .ARM.attributes
                0x00000000000001d5       0x34 d:/stm32cubeide_1.11.2/stm32cubeide/plugins/com.st.stm32cube.ide.mcu.externaltools.gnu-tools-for-stm32.10.3-2021.10.win32_1.0.100.202210260954/tools/bin/../lib/gcc/arm-none-eabi/10.3.1/../../../../arm-none-eabi/lib/thumb/v7e-m+fp/hard\libc_nano.a(lib_a-init.o)
 .ARM.attributes
                0x0000000000000209       0x1e d:/stm32cubeide_1.11.2/stm32cubeide/plugins/com.st.stm32cube.ide.mcu.externaltools.gnu-tools-for-stm32.10.3-2021.10.win32_1.0.100.202210260954/tools/bin/../lib/gcc/arm-none-eabi/10.3.1/thumb/v7e-m+fp/hard/crtn.o
OUTPUT(STemWin_HelloWorld.elf elf32-littlearm)
LOAD linker stubs
LOAD d:/stm32cubeide_1.11.2/stm32cubeide/plugins/com.st.stm32cube.ide.mcu.externaltools.gnu-tools-for-stm32.10.3-2021.10.win32_1.0.100.202210260954/tools/bin/../lib/gcc/arm-none-eabi/10.3.1/../../../../arm-none-eabi/lib/thumb/v7e-m+fp/hard\libc.a
LOAD d:/stm32cubeide_1.11.2/stm32cubeide/plugins/com.st.stm32cube.ide.mcu.externaltools.gnu-tools-for-stm32.10.3-2021.10.win32_1.0.100.202210260954/tools/bin/../lib/gcc/arm-none-eabi/10.3.1/../../../../arm-none-eabi/lib/thumb/v7e-m+fp/hard\libm.a
LOAD d:/stm32cubeide_1.11.2/stm32cubeide/plugins/com.st.stm32cube.ide.mcu.externaltools.gnu-tools-for-stm32.10.3-2021.10.win32_1.0.100.202210260954/tools/bin/../lib/gcc/arm-none-eabi/10.3.1/thumb/v7e-m+fp/hard\libgcc.a

.debug_line     0x0000000000000000     0x4c4b
 .debug_line    0x0000000000000000       0xcb ./Application/SW4STM32/startup_stm32f746xx.o
 .debug_line    0x00000000000000cb      0x8ab ./Application/User/Core/main.o
 .debug_line    0x0000000000000976       0x71 ./Application/User/Core/sched.o
 .debug_line    0x00000000000009e7      0x95b ./Application/User/Core/stm32f7xx_it.o
 .debug_line    0x0000000000001342      0x88f ./Drivers/CMSIS/system_stm32f7xx.o
 .debug_line    0x0000000000001bd1     0x201f ./Drivers/STM32F7xx_HAL_Driver/stm32f7xx_hal_ltdc.o
 .debug_line    0x0000000000003bf0     0x105b ./Middlewares/STemWin/Target/LCDConf.o

.debug_info     0x0000000000000000     0x5257
 .debug_info    0x0000000000000000       0x22 ./Application/SW4STM32/startup_stm32f746xx.o
 .debug_info    0x0000000000000022      0x739 ./Application/User/Core/main.o
 .debug_info    0x000000000000075b       0x26 ./Application/User/Core/sched.o
 .debug_info    0x0000000000000781      0x52d ./Application/User/Core/stm32f7xx_it.o
 .debug_info    0x0000000000000cae      0x745 ./Drivers/CMSIS/system_stm32f7xx.o
 .debug_info    0x00000000000013f3     0x1551 ./Drivers/STM32F7xx_HAL_Driver/stm32f7xx_hal_ltdc.o
 .debug_info    0x0000000000002944     0x2913 ./Middlewares/STemWin/Target/LCDConf.o

.debug_abbrev   0x0000000000000000      0xc07
 .debug_abbrev  0x0000000000000000       0x12 ./Application/SW4STM32/startup_stm32f746xx.o
 .debug_abbrev  0x0000000000000012      0x22c ./Application/User/Core/main.o
 .debug_abbrev  0x000000000000023e       0x14 ./Application/User/Core/sched.o
 .debug_abbrev  0x0000000000000252      0x192 ./Application/User/Core/stm32f7xx_it.o
 .debug_abbrev  0x00000000000003e4      0x13c ./Drivers/CMSIS/system_stm32f7xx.o
 .debug_abbrev  0x0000000000000520      0x28e ./Drivers/STM32F7xx_HAL_Driver/stm32f7xx_hal_ltdc.o
 .debug_abbrev  0x00000000000007ae      0x459 ./Middlewares/STemWin/Target/LCDConf.o

.debug_aranges  0x0000000000000000      0x2b0
 .debug_aranges
                0x0000000000000000       0x28 ./Application/SW4STM32/startup_stm32f746xx.o
 .debug_aranges
                0x0000000000000028       0x40 ./Application/User/Core/main.o
 .debug_aranges
                0x0000000000000068       0x20 ./Application/User/Core/sched.o
 .debug_aranges
                0x0000000000000088       0x48 ./Application/User/Core/stm32f7xx_it.o
 .debug_aranges
                0x00000000000000d0       0x28 ./Drivers/CMSIS/system_stm32f7xx.o
 .debug_aranges
                0x00000000000000f8      0x138 ./Drivers/STM32F7xx_HAL_Driver/stm32f7xx_hal_ltdc.o
 .debug_aranges
                0x0000000000000230       0x80 ./Middlewares/STemWin/Target/LCDConf.o

.debug_str      0x0000000000000000    0xf78bd
 .debug_str     0x0000000000000000       0xee ./Application/SW4STM32/startup_stm32f746xx.o
 .debug_str     0x00000000000000ee    0x9ae13 ./Application/User/Core/main.o
                                      0x9b0ba (size before relaxing)
 .debug_str     0x000000000009af01       0x21 ./Application/User/Core/sched.o
                                         0xa1 (size before relaxing)
 .debug_str     0x000000000009af22    0x596ba ./Application/User/Core/stm32f7xx_it.o
                                      0xf4591 (size before relaxing)
 .debug_str     0x00000000000f45dc      0x2d8 ./Drivers/CMSIS/system_stm32f7xx.o
                                      0xed2f2 (size before relaxing)
 .debug_str     0x00000000000f48b4      0x573 ./Drivers/STM32F7xx_HAL_Driver/stm32f7xx_hal_ltdc.o
                                      0xed86e (size before relaxing)
 .debug_str     0x00000000000f4e27     0x2a96 ./Middlewares/STemWin/Target/LCDConf.o
                                      0xf790e (size before relaxing)

.debug_ranges   0x0000000000000000      0x3a0
 .debug_ranges  0x0000000000000000       0x20 ./Application/SW4STM32/startup_stm32f746xx.o
 .debug_ranges  0x0000000000000020       0x78 ./Application/User/Core/main.o
 .debug_ranges  0x0000000000000098       0x38 ./Application/User/Core/stm32f7xx_it.o
 .debug_ranges  0x00000000000000d0       0x18 ./Drivers/CMSIS/system_stm32f7xx.o
 .debug_ranges  0x00000000000000e8      0x128 ./Drivers/STM32F7xx_HAL_Driver/stm32f7xx_hal_ltdc.o
 .debug_ranges  0x0000000000000210      0x190 ./Middlewares/STemWin/Target/LCDConf.o

.debug_loc      0x0000000000000000     0x2570
 .debug_loc     0x0000000000000000      0x10b ./Application/User/Core/main.o
 .debug_loc     0x000000000000010b      0x12f ./Drivers/CMSIS/system_stm32f7xx.o
 .debug_loc     0x000000000000023a     0x13f9 ./Drivers/STM32F7xx_HAL_Driver/stm32f7xx_hal_ltdc.o
 .debug_loc     0x0000000000001633      0xf3d ./Middlewares/STemWin/Target/LCDConf.o

.debug_macro    0x0000000000000000    0x26bc0
 .debug_macro   0x0000000000000000       0xcf ./Application/User/Core/main.o
 .debug_macro   0x00000000000000cf      0xa7e ./Application/User/Core/main.o
 .debug_macro   0x0000000000000b4d       0x3b ./Application/User/Core/main.o
 .debug_macro   0x0000000000000b88       0x22 ./Application/User/Core/main.o
 .debug_macro   0x0000000000000baa       0x8e ./Application/User/Core/main.o
 .debug_macro   0x0000000000000c38       0x51 ./Application/User/Core/main.o
 .debug_macro   0x0000000000000c89      0x103 ./Application/User/Core/main.o
 .debug_macro   0x0000000000000d8c       0x6a ./Application/User/Core/main.o
 .debug_macro   0x0000000000000df6      0x1df ./Application/User/Core/main.o
 .debug_macro   0x0000000000000fd5       0x1c ./Application/User/Core/main.o
 .debug_macro   0x0000000000000ff1       0x22 ./Application/User/Core/main.o
 .debug_macro   0x0000000000001013       0xd9 ./Application/User/Core/main.o
 .debug_macro   0x00000000000010ec     0x12cd ./Application/User/Core/main.o
 .debug_macro   0x00000000000023b9      0x11f ./Application/User/Core/main.o
 .debug_macro   0x00000000000024d8       0x19 ./Application/User/Core/main.o
 .debug_macro   0x00000000000024f1    0x1920a ./Application/User/Core/main.o
 .debug_macro   0x000000000001b6fb      0x298 ./Application/User/Core/stm32f7xx_it.o
 .debug_macro   0x000000000001b993      0x2a4 ./Application/User/Core/stm32f7xx_it.o
 .debug_macro   0x000000000001bc37       0x2e ./Application/User/Core/stm32f7xx_it.o
 .debug_macro   0x000000000001bc65       0x6d ./Application/User/Core/stm32f7xx_it.o
 .debug_macro   0x000000000001bcd2     0x3749 ./Application/User/Core/stm32f7xx_it.o
 .debug_macro   0x000000000001f41b      0x174 ./Application/User/Core/stm32f7xx_it.o
 .debug_macro   0x000000000001f58f       0x63 ./Application/User/Core/stm32f7xx_it.o
 .debug_macro   0x000000000001f5f2     0x18ad ./Application/User/Core/stm32f7xx_it.o
 .debug_macro   0x0000000000020e9f      0x6c4 ./Application/User/Core/stm32f7xx_it.o
 .debug_macro   0x0000000000021563      0x115 ./Application/User/Core/stm32f7xx_it.o
 .debug_macro   0x0000000000021678      0x1fd ./Application/User/Core/stm32f7xx_it.o
 .debug_macro   0x0000000000021875       0xa5 ./Application/User/Core/stm32f7xx_it.o
 .debug_macro   0x000000000002191a      0x24f ./Application/User/Core/stm32f7xx_it.o
 .debug_macro   0x0000000000021b69       0x41 ./Application/User/Core/stm32f7xx_it.o
 .debug_macro   0x0000000000021baa       0x58 ./Application/User/Core/stm32f7xx_it.o
 .debug_macro   0x0000000000021c02      0x236 ./Application/User/Core/stm32f7xx_it.o
 .debug_macro   0x0000000000021e38      0x208 ./Application/User/Core/stm32f7xx_it.o
 .debug_macro   0x0000000000022040      0x14e ./Application/User/Core/stm32f7xx_it.o
 .debug_macro   0x000000000002218e      0x25a ./Application/User/Core/stm32f7xx_it.o
 .debug_macro   0x00000000000223e8       0x12 ./Application/User/Core/stm32f7xx_it.o
 .debug_macro   0x00000000000223fa      0x504 ./Application/User/Core/stm32f7xx_it.o
 .debug_macro   0x00000000000228fe      0x22c ./Application/User/Core/stm32f7xx_it.o
 .debug_macro   0x0000000000022b2a       0x61 ./Application/User/Core/stm32f7xx_it.o
 .debug_macro   0x0000000000022b8b       0xa5 ./Application/User/Core/stm32f7xx_it.o
 .debug_macro   0x0000000000022c30      0x198 ./Application/User/Core/stm32f7xx_it.o
 .debug_macro   0x0000000000022dc8       0xd6 ./Application/User/Core/stm32f7xx_it.o
 .debug_macro   0x0000000000022e9e      0x12e ./Application/User/Core/stm32f7xx_it.o
 .debug_macro   0x0000000000022fcc      0x108 ./Application/User/Core/stm32f7xx_it.o
 .debug_macro   0x00000000000230d4       0x35 ./Application/User/Core/stm32f7xx_it.o
 .debug_macro   0x0000000000023109      0xa7c ./Application/User/Core/stm32f7xx_it.o
 .debug_macro   0x0000000000023b85       0x59 ./Application/User/Core/stm32f7xx_it.o
 .debug_macro   0x0000000000023bde      0x56d ./Application/User/Core/stm32f7xx_it.o
 .debug_macro   0x000000000002414b       0x44 ./Application/User/Core/stm32f7xx_it.o
 .debug_macro   0x000000000002418f      0x14d ./Application/User/Core/stm32f7xx_it.o
 .debug_macro   0x00000000000242dc       0x40 ./Application/User/Core/stm32f7xx_it.o
 .debug_macro   0x000000000002431c       0x94 ./Application/User/Core/stm32f7xx_it.o
 .debug_macro   0x00000000000243b0       0x40 ./Application/User/Core/stm32f7xx_it.o
 .debug_macro   0x00000000000243f0      0x423 ./Application/User/Core/stm32f7xx_it.o
 .debug_macro   0x0000000000024813      0x107 ./Application/User/Core/stm32f7xx_it.o
 .debug_macro   0x000000000002491a       0x10 ./Application/User/Core/stm32f7xx_it.o
 .debug_macro   0x000000000002492a     0x12e8 ./Application/User/Core/stm32f7xx_it.o
 .debug_macro   0x0000000000025c12      0x25f ./Application/User/Core/stm32f7xx_it.o
 .debug_macro   0x0000000000025e71       0xa0 ./Application/User/Core/stm32f7xx_it.o
 .debug_macro   0x0000000000025f11      0x21d ./Drivers/CMSIS/system_stm32f7xx.o
 .debug_macro   0x000000000002612e      0x21f ./Drivers/STM32F7xx_HAL_Driver/stm32f7xx_hal_ltdc.o
 .debug_macro   0x000000000002634d      0x340 ./Middlewares/STemWin/Target/LCDConf.o
 .debug_macro   0x000000000002668d      0x192 ./Middlewares/STemWin/Target/LCDConf.o
 .debug_macro   0x000000000002681f      0x10f ./Middlewares/STemWin/Target/LCDConf.o
 .debug_macro   0x000000000002692e       0x4c ./Middlewares/STemWin/Target/LCDConf.o
 .debug_macro   0x000000000002697a      0x246 ./Middlewares/STemWin/Target/LCDConf.o

.comment        0x0000000000000000       0xbe
 .comment       0x0000000000000000       0x50 ./Application/User/Core/main.o
                                         0x51 (size before relaxing)
 .comment       0x0000000000000050       0x51 ./Application/User/Core/stm32f7xx_it.o
 .comment       0x0000000000000050       0x51 ./Drivers/CMSIS/system_stm32f7xx.o
 .comment       0x0000000000000050       0x51 ./Drivers/STM32F7xx_HAL_Driver/stm32f7xx_hal_ltdc.o
 .comment       0x0000000000000050       0x51 ./Middlewares/STemWin/Target/LCDConf.o
 .comment       0x0000000000000050       0x6e ../../../Middlewares/ST/STemWin/Lib\STemWin_CM7_wc32.a(GUI_MULTIBUF.o)
                                         0x6f (size before relaxing)

.debug_frame    0x0000000000000000      0x6cc
 .debug_frame   0x0000000000000000       0x94 ./Application/User/Core/main.o
 .debug_frame   0x0000000000000094       0x80 ./Application/User/Core/stm32f7xx_it.o
 .debug_frame   0x0000000000000114       0x30 ./Drivers/CMSIS/system_stm32f7xx.o
 .debug_frame   0x0000000000000144      0x3a0 ./Drivers/STM32F7xx_HAL_Driver/stm32f7xx_hal_ltdc.o
 .debug_frame   0x00000000000004e4      0x1bc ./Middlewares/STemWin/Target/LCDConf.o
 .debug_frame   0x00000000000006a0       0x2c d:/stm32cubeide_1.11.2/stm32cubeide/plugins/com.st.stm32cube.ide.mcu.externaltools.gnu-tools-for-stm32.10.3-2021.10.win32_1.0.100.202210260954/tools/bin/../lib/gcc/arm-none-eabi/10.3.1/../../../../arm-none-eabi/lib/thumb/v7e-m+fp/hard\libc_nano.a(lib_a-init.o)
